// Jest Snapshot v1, https://goo.gl/fbAQLP

exports[`<SingleItem /> Errors with a not found item 1`] = `
<p
  data-test="graphql-error"
>
  <strong>
    Shoot!
  </strong>
  Items Not Found!
</p>
`;

exports[`<SingleItem /> renders with proper data 1`] = `
<h2>
  dogs are best
</h2>
`;

exports[`<SingleItem /> renders with proper data 2`] = `
<img
  className="singleItem-img"
  src="dog.jpg"
/>
`;

exports[`<SingleItem /> renders with proper data 3`] = `
<p>
  dogs
</p>
`;
